stm32f4xx_it.c:95:6:NMI_Handler	0	static
stm32f4xx_it.c:108:6:HardFault_Handler	0	static
stm32f4xx_it.c:123:6:MemManage_Handler	0	static
stm32f4xx_it.c:138:6:BusFault_Handler	0	static
stm32f4xx_it.c:153:6:UsageFault_Handler	0	static
stm32f4xx_it.c:168:6:SVC_Handler	0	static
stm32f4xx_it.c:181:6:DebugMon_Handler	0	static
stm32f4xx_it.c:194:6:PendSV_Handler	0	static
stm32f4xx_it.c:207:6:SysTick_Handler	0	static
stm32f4xx_it.c:228:6:EXTI0_IRQHandler	8	static
stm32f4xx_it.c:248:6:CAN1_RX0_IRQHandler	16	static
